\BOOKMARK [0][-]{chapter.1}{\376\377\000I\000n\000t\000r\000o\000d\000u\000c\000t\000i\000o\000n}{}% 1
\BOOKMARK [1][-]{section.1.1}{\376\377\000B\000a\000c\000k\000g\000r\000o\000u\000n\000d}{chapter.1}% 2
\BOOKMARK [1][-]{section.1.2}{\376\377\000O\000b\000j\000e\000c\000t\000i\000v\000e}{chapter.1}% 3
\BOOKMARK [1][-]{section.1.3}{\376\377\000T\000h\000e\000s\000i\000s\000\040\000S\000t\000r\000u\000c\000t\000u\000r\000e}{chapter.1}% 4
\BOOKMARK [0][-]{chapter.2}{\376\377\000N\000a\000m\000e\000d\000\040\000E\000n\000t\000i\000t\000y\000\040\000R\000e\000c\000o\000g\000n\000i\000t\000i\000o\000n\000:\000\040\000A\000n\000\040\000I\000n\000t\000r\000o\000d\000u\000c\000t\000i\000o\000n}{}% 5
\BOOKMARK [1][-]{section.2.1}{\376\377\000N\000E\000R\000\040\000a\000s\000\040\000a\000\040\000S\000e\000q\000u\000e\000n\000c\000e\000\040\000L\000a\000b\000e\000l\000i\000n\000g\000\040\000T\000a\000s\000k}{chapter.2}% 6
\BOOKMARK [1][-]{section.2.2}{\376\377\000S\000t\000a\000n\000d\000a\000r\000d\000\040\000N\000a\000m\000e\000d\000\040\000E\000n\000t\000i\000t\000y\000\040\000T\000y\000p\000e\000s}{chapter.2}% 7
\BOOKMARK [1][-]{section.2.3}{\376\377\000T\000h\000e\000\040\000B\000I\000O\000\040\000T\000a\000g\000g\000i\000n\000g\000\040\000S\000c\000h\000e\000m\000e}{chapter.2}% 8
\BOOKMARK [1][-]{section.2.4}{\376\377\000E\000v\000a\000l\000u\000a\000t\000i\000o\000n\000\040\000o\000f\000\040\000N\000E\000R\000\040\000S\000y\000s\000t\000e\000m\000s}{chapter.2}% 9
\BOOKMARK [2][-]{subsection.2.4.1}{\376\377\000F\0001\000,\000\040\000P\000r\000e\000c\000i\000s\000i\000o\000n\000,\000\040\000a\000n\000d\000\040\000R\000e\000c\000a\000l\000l}{section.2.4}% 10
\BOOKMARK [2][-]{subsection.2.4.2}{\376\377\000A\000c\000c\000u\000r\000a\000c\000y}{section.2.4}% 11
\BOOKMARK [1][-]{section.2.5}{\376\377\000G\000e\000n\000e\000r\000a\000l\000\040\000C\000h\000a\000l\000l\000e\000n\000g\000e\000s\000\040\000f\000o\000r\000\040\000N\000E\000R}{chapter.2}% 12
\BOOKMARK [1][-]{section.2.6}{\376\377\000C\000h\000a\000l\000l\000e\000n\000g\000e\000s\000\040\000f\000o\000r\000\040\000N\000E\000R\000\040\000i\000n\000\040\000U\000s\000e\000r\000-\000G\000e\000n\000e\000r\000a\000t\000e\000d\000\040\000T\000e\000x\000t\000s}{chapter.2}% 13
\BOOKMARK [0][-]{chapter.3}{\376\377\000R\000e\000l\000a\000t\000e\000d\000\040\000W\000o\000r\000k}{}% 14
\BOOKMARK [1][-]{section.3.1}{\376\377\000S\000h\000a\000r\000e\000d\000\040\000T\000a\000s\000k\000s\000\040\000o\000n\000\040\000G\000e\000r\000m\000a\000n\000-\000L\000a\000n\000g\000u\000a\000g\000e\000\040\000N\000E\000R}{chapter.3}% 15
\BOOKMARK [1][-]{section.3.2}{\376\377\000E\000x\000p\000e\000r\000i\000m\000e\000n\000t\000a\000l\000\040\000S\000t\000u\000d\000i\000e\000s\000\040\000a\000n\000d\000\040\000S\000h\000a\000r\000e\000d\000\040\000T\000a\000s\000k\000s\000\040\000o\000n\000\040\000S\000o\000c\000i\000a\000l\000\040\000M\000e\000d\000i\000a\000\040\000N\000E\000R}{chapter.3}% 16
\BOOKMARK [0][-]{chapter.4}{\376\377\000T\000r\000a\000n\000s\000f\000o\000r\000m\000e\000r\000\040\000M\000o\000d\000e\000l\000s\000:\000\040\000S\000t\000a\000t\000e\000\040\000o\000f\000\040\000t\000h\000e\000\040\000A\000r\000t\000\040\000f\000o\000r\000\040\000N\000E\000R}{}% 17
\BOOKMARK [0][-]{chapter.5}{\376\377\000S\000p\000a\000C\000y\000\040\000a\000n\000d\000\040\000F\000l\000a\000i\000r\000:\000\040\000A\000\040\000Q\000u\000a\000l\000i\000t\000a\000t\000i\000v\000e\000\040\000E\000x\000p\000l\000o\000r\000a\000t\000i\000o\000n\000\040\000o\000f\000\040\000E\000x\000i\000s\000t\000i\000n\000g\000\040\000S\000o\000l\000u\000t\000i\000o\000n\000s}{}% 18
\BOOKMARK [1][-]{section.5.1}{\376\377\000E\000x\000a\000m\000p\000l\000e\000\040\000D\000a\000t\000a}{chapter.5}% 19
\BOOKMARK [1][-]{section.5.2}{\376\377\000G\000e\000r\000m\000a\000n\000-\000l\000a\000n\000g\000u\000a\000g\000e\000\040\000N\000E\000R\000\040\000w\000i\000t\000h\000\040\000s\000p\000a\000C\000y\000\040\000a\000n\000d\000\040\000F\000l\000a\000i\000r}{chapter.5}% 20
\BOOKMARK [2][-]{subsection.5.2.1}{\376\377\000T\000h\000e\000\040\000G\000e\000r\000m\000a\000n\000-\000l\000a\000n\000g\000u\000a\000g\000e\000\040\000s\000p\000a\000C\000y\000\040\000m\000o\000d\000e\000l}{section.5.2}% 21
\BOOKMARK [2][-]{subsection.5.2.2}{\376\377\000T\000h\000e\000\040\000G\000e\000r\000m\000a\000n\000-\000l\000a\000n\000g\000u\000a\000g\000e\000\040\000F\000l\000a\000i\000r\000\040\000M\000o\000d\000e\000l}{section.5.2}% 22
\BOOKMARK [2][-]{subsection.5.2.3}{\376\377\000R\000e\000s\000u\000l\000t\000s}{section.5.2}% 23
\BOOKMARK [1][-]{section.5.3}{\376\377\000E\000x\000p\000l\000o\000r\000i\000n\000g\000\040\000t\000h\000e\000\040\000P\000o\000t\000e\000n\000t\000i\000a\000l\000s\000\040\000o\000f\000\040\000M\000a\000c\000h\000i\000n\000e\000\040\000T\000r\000a\000n\000s\000l\000a\000t\000i\000o\000n\000\040\000f\000o\000r\000\040\000N\000E\000R}{chapter.5}% 24
\BOOKMARK [2][-]{subsection.5.3.1}{\376\377\000T\000h\000e\000\040\000E\000n\000g\000l\000i\000s\000h\000-\000l\000a\000n\000g\000u\000a\000g\000e\000\040\000s\000p\000a\000C\000y\000\040\000M\000o\000d\000e\000l}{section.5.3}% 25
\BOOKMARK [2][-]{subsection.5.3.2}{\376\377\000T\000h\000e\000\040\000E\000n\000g\000l\000i\000s\000h\000-\000l\000a\000n\000g\000u\000a\000g\000e\000\040\000F\000l\000a\000i\000r\000\040\000M\000o\000d\000e\000l}{section.5.3}% 26
\BOOKMARK [2][-]{subsection.5.3.3}{\376\377\000R\000e\000s\000u\000l\000t\000s}{section.5.3}% 27
\BOOKMARK [1][-]{section.5.4}{\376\377\000S\000u\000m\000m\000a\000r\000i\000z\000a\000t\000i\000o\000n}{chapter.5}% 28
\BOOKMARK [0][-]{chapter.6}{\376\377\000B\000u\000i\000l\000d\000i\000n\000g\000\040\000a\000\040\000C\000u\000s\000t\000o\000m\000\040\000M\000o\000d\000e\000l\000\040\000f\000o\000r\000\040\000N\000E\000R\000\040\000i\000n\000\040\000T\000e\000l\000e\000g\000r\000a\000m\000\040\000C\000h\000a\000n\000n\000e\000l\000s}{}% 29
\BOOKMARK [1][-]{section.6.1}{\376\377\000B\000u\000i\000l\000d\000i\000n\000g\000\040\000a\000\040\000D\000o\000m\000a\000i\000n\000-\000s\000p\000e\000c\000i\000f\000i\000c\000\040\000D\000a\000t\000a\000s\000e\000t\000:\000\040\000T\000h\000e\000\040\000T\000e\000l\000e\000g\000r\000a\000m\000\040\000C\000o\000r\000p\000u\000s}{chapter.6}% 30
\BOOKMARK [2][-]{subsection.6.1.1}{\376\377\000E\000x\000p\000l\000o\000r\000i\000n\000g\000\040\000t\000h\000e\000\040\000R\000a\000w\000\040\000D\000a\000t\000a}{section.6.1}% 31
\BOOKMARK [2][-]{subsection.6.1.2}{\376\377\000P\000r\000e\000p\000r\000o\000c\000e\000s\000s\000i\000n\000g}{section.6.1}% 32
\BOOKMARK [2][-]{subsection.6.1.3}{\376\377\000S\000a\000m\000p\000l\000e\000\040\000S\000e\000l\000e\000c\000t\000i\000o\000n}{section.6.1}% 33
\BOOKMARK [2][-]{subsection.6.1.4}{\376\377\000A\000n\000n\000o\000t\000a\000t\000i\000o\000n}{section.6.1}% 34
\BOOKMARK [2][-]{subsection.6.1.5}{\376\377\000T\000e\000l\000e\000g\000r\000a\000m\000\040\000C\000o\000r\000p\000u\000s\000\040\000S\000t\000a\000t\000i\000s\000t\000i\000c\000s}{section.6.1}% 35
\BOOKMARK [1][-]{section.6.2}{\376\377\000A\000d\000d\000i\000t\000i\000o\000n\000a\000l\000\040\000D\000a\000t\000a\000:\000\040\000T\000h\000e\000\040\000D\000F\000K\000I\000\040\000S\000m\000a\000r\000t\000d\000a\000t\000a\000\040\000C\000o\000r\000p\000u\000s}{chapter.6}% 36
\BOOKMARK [2][-]{subsection.6.2.1}{\376\377\000C\000o\000r\000p\000u\000s\000\040\000D\000e\000s\000c\000r\000i\000p\000t\000i\000o\000n}{section.6.2}% 37
\BOOKMARK [2][-]{subsection.6.2.2}{\376\377\000L\000a\000b\000e\000l\000\040\000M\000a\000p\000p\000i\000n\000g}{section.6.2}% 38
\BOOKMARK [2][-]{subsection.6.2.3}{\376\377\000A\000d\000j\000u\000s\000t\000e\000d\000\040\000S\000m\000a\000r\000t\000d\000a\000t\000a\000\040\000C\000o\000r\000p\000u\000s\000\040\000S\000t\000a\000t\000i\000s\000t\000i\000c\000s}{section.6.2}% 39
\BOOKMARK [1][-]{section.6.3}{\376\377\000T\000h\000e\000\040\000F\000i\000n\000a\000l\000\040\000C\000o\000r\000p\000u\000s}{chapter.6}% 40
\BOOKMARK [1][-]{section.6.4}{\376\377\000O\000v\000e\000r\000v\000i\000e\000w\000\040\000o\000f\000\040\000U\000s\000e\000d\000\040\000M\000o\000d\000e\000l\000s}{chapter.6}% 41
\BOOKMARK [2][-]{subsection.6.4.1}{\376\377\000B\000E\000R\000T\000\040\000m\000o\000d\000e\000l\000s}{section.6.4}% 42
\BOOKMARK [2][-]{subsection.6.4.2}{\376\377\000D\000i\000s\000t\000i\000l\000B\000E\000R\000T\000\040\000m\000o\000d\000e\000l}{section.6.4}% 43
\BOOKMARK [2][-]{subsection.6.4.3}{\376\377\000X\000L\000M\000-\000R\000o\000b\000e\000r\000t\000a\000\040\000m\000o\000d\000e\000l\000s}{section.6.4}% 44
\BOOKMARK [1][-]{section.6.5}{\376\377\000D\000e\000f\000i\000n\000i\000n\000g\000\040\000a\000\040\000B\000a\000s\000e\000l\000i\000n\000e}{chapter.6}% 45
\BOOKMARK [1][-]{section.6.6}{\376\377\000E\000x\000p\000e\000r\000i\000m\000e\000n\000t\000a\000l\000\040\000s\000e\000t\000u\000p}{chapter.6}% 46
\BOOKMARK [1][-]{section.6.7}{\376\377\000P\000r\000e\000p\000r\000o\000c\000e\000s\000s\000i\000n\000g\000:\000\040\000T\000o\000k\000e\000n\000i\000z\000a\000t\000i\000o\000n\000\040\000a\000n\000d\000\040\000E\000n\000c\000o\000d\000i\000n\000g}{chapter.6}% 47
\BOOKMARK [1][-]{section.6.8}{\376\377\000L\000o\000a\000d\000i\000n\000g\000\040\000a\000n\000d\000\040\000C\000o\000n\000f\000i\000g\000u\000r\000i\000n\000g\000\040\000a\000\040\000M\000o\000d\000e\000l}{chapter.6}% 48
\BOOKMARK [1][-]{section.6.9}{\376\377\000D\000e\000f\000i\000n\000i\000n\000g\000\040\000T\000r\000a\000i\000n\000i\000n\000g\000\040\000A\000r\000g\000u\000m\000e\000n\000t\000s}{chapter.6}% 49
\BOOKMARK [1][-]{section.6.10}{\376\377\000L\000o\000a\000d\000i\000n\000g\000\040\000a\000\040\000D\000a\000t\000a\000\040\000C\000o\000l\000l\000a\000t\000o\000r}{chapter.6}% 50
\BOOKMARK [1][-]{section.6.11}{\376\377\000D\000e\000f\000i\000n\000i\000n\000g\000\040\000E\000v\000a\000l\000u\000a\000t\000i\000o\000n\000\040\000M\000e\000t\000r\000i\000c\000s}{chapter.6}% 51
\BOOKMARK [1][-]{section.6.12}{\376\377\000T\000r\000a\000i\000n\000i\000n\000g}{chapter.6}% 52
\BOOKMARK [1][-]{section.6.13}{\376\377\000E\000v\000a\000l\000u\000a\000t\000i\000o\000n\000\040\000R\000e\000s\000u\000l\000t\000s}{chapter.6}% 53
\BOOKMARK [1][-]{section.6.14}{\376\377\000F\000u\000r\000t\000h\000e\000r\000\040\000E\000v\000a\000l\000u\000a\000t\000i\000o\000n\000\040\000a\000n\000d\000\040\000E\000r\000r\000o\000r\000\040\000A\000n\000a\000l\000y\000s\000i\000s}{chapter.6}% 54
\BOOKMARK [2][-]{subsection.6.14.1}{\376\377\000P\000o\000s\000t\000-\000p\000r\000o\000c\000e\000s\000s\000i\000n\000g}{section.6.14}% 55
\BOOKMARK [1][-]{section.6.15}{\376\377\000S\000u\000m\000m\000a\000r\000i\000z\000a\000t\000i\000o\000n}{chapter.6}% 56
\BOOKMARK [0][-]{chapter.7}{\376\377\000F\000i\000r\000s\000t\000\040\000R\000e\000s\000u\000l\000t\000s\000:\000\040\000A\000p\000p\000l\000y\000i\000n\000g\000\040\000t\000h\000e\000\040\000C\000u\000s\000t\000o\000m\000\040\000N\000E\000R\000\040\000M\000o\000d\000e\000l\000\040\000t\000o\000\040\000T\000e\000l\000e\000g\000r\000a\000m\000\040\000M\000e\000s\000s\000a\000g\000e\000s}{}% 57
\BOOKMARK [1][-]{subsection.7.0.1}{\376\377\000E\000x\000a\000m\000p\000l\000e\000\040\000m\000e\000s\000s\000a\000g\000e\000s}{chapter.7}% 58
\BOOKMARK [2][-]{subsection.7.0.2}{\376\377\000L\000a\000r\000g\000e\000r\000\040\000s\000a\000m\000p\000l\000e}{subsection.7.0.1}% 59
\BOOKMARK [0][-]{chapter.8}{\376\377\000C\000o\000n\000c\000l\000u\000s\000i\000o\000n}{}% 60
\BOOKMARK [1][-]{section.8.1}{\376\377\000S\000u\000m\000m\000a\000r\000i\000z\000a\000t\000i\000o\000n}{chapter.8}% 61
\BOOKMARK [1][-]{section.8.2}{\376\377\000D\000i\000s\000c\000u\000s\000s\000i\000o\000n}{chapter.8}% 62
\BOOKMARK [0][-]{section*.32}{\376\377\000G\000l\000o\000s\000s\000a\000r\000y}{}% 63
\BOOKMARK [0][-]{section*.34}{\376\377\000A\000c\000r\000o\000n\000y\000m\000s}{}% 64
\BOOKMARK [0][-]{chapter*.36}{\376\377\000B\000i\000b\000l\000i\000o\000g\000r\000a\000p\000h\000y}{}% 65
\BOOKMARK [0][-]{chapter*.36}{\376\377\000A\000p\000p\000e\000n\000d\000i\000x}{}% 66
\BOOKMARK [0][-]{appendix.A}{\376\377\000A\000d\000d\000i\000t\000i\000o\000n\000a\000l\000\040\000M\000a\000t\000e\000r\000i\000a\000l}{}% 67
